map "http://hl7.at/fhir/HL7ATCoreProfiles/4.0.1/StructureMap/at-cda-to-bundle" = "CdaATToBundle"
// _________________________  metadataDeclaration _________________________ 

//
// Mapping CDA Basisleitfaden To FHIR Bundle 
//



// _________________________  conceptMapDeclaration _________________________ 
conceptmap "cda-clinicaldocument-code-2-fhir-composition-type" {
  prefix s = "http://loinc.org"
  prefix t = "http://loinc.org"

  s:"11502-2" == t:"26436-6"
  s:"18725-2" == t:"18725-2"
}



// _________________________ structureDeclaration _________________________


uses "http://hl7.org/cda/stds/core/StructureDefinition/ClinicalDocument" alias ClinicalDocument as source
uses "http://hl7.org/cda/stds/core/StructureDefinition/Author" alias Author as source
uses "http://hl7.org/cda/stds/core/StructureDefinition/AssignedAuthor" alias AssignedAuthor as source
uses "http://hl7.org/cda/stds/core/StructureDefinition/AssignedEntity" alias AssignedEntity as source
uses "http://hl7.org/cda/stds/core/StructureDefinition/AssociatedEntity" alias AssociatedEntity as source
uses "http://hl7.org/cda/stds/core/StructureDefinition/CustodianOrganization" alias CustodianOrganization as source
uses "http://hl7.org/cda/stds/core/StructureDefinition/Section" alias Section as source
uses "http://hl7.org/cda/stds/core/StructureDefinition/PatientRole" alias PatientRole as source
uses "http://hl7.org/cda/stds/core/StructureDefinition/StructuredBody" alias StructuredBody as source
uses "http://hl7.org/cda/stds/core/StructureDefinition/Observation" alias CDAObservation as source
uses "http://hl7.org/cda/stds/core/StructureDefinition/Performer2" alias Performer as source
uses "http://hl7.org/cda/stds/core/StructureDefinition/Procedure" alias Procedure as source
uses "http://hl7.org/cda/stds/core/StructureDefinition/Organizer" alias Organizer as source
uses "http://hl7.org/cda/stds/core/StructureDefinition/Participant1" alias Participant as source

uses "http://hl7.org/fhir/4.3/StructureDefinition/Bundle" alias Bundle as target
uses "http://hl7.org/fhir/4.3/StructureDefinition/Composition" alias Composition as target
uses "http://hl7.org/fhir/4.3/StructureDefinition/Patient" alias Patient as target
uses "http://hl7.org/fhir/4.3/StructureDefinition/Person" alias Person as target
uses "http://hl7.org/fhir/4.3/StructureDefinition/Practitioner" alias Practitioner as target
uses "http://hl7.org/fhir/4.3/StructureDefinition/PractitionerRole" alias PractitionerRole as target
uses "http://hl7.org/fhir/4.3/StructureDefinition/Organization" alias Organization as target
uses "http://hl7.org/fhir/4.3/StructureDefinition/ServiceRequest" alias ServiceRequest as target
uses "http://hl7.org/fhir/4.3/StructureDefinition/Observation" alias Observation as target
uses "http://hl7.org/fhir/4.3/StructureDefinition/Specimen" alias Specimen as target



imports "http://hl7.at/fhir/HL7ATCoreProfiles/4.0.1/StructureMap/at-cda-to-fhir-types"


// _________________________ Document Level Template  _________________________

group CdaATToBundle(source cda : ClinicalDocument, target fhir_bundle : Bundle){
    cda ->
        fhir_bundle.id = uuid(),
        fhir_bundle.type = 'document';
    // ClinicalDocument.id
    cda.id -> fhir_bundle.identifier "identifier";
    // ClinicalDocument.effectiveTime
    cda.effectiveTime -> fhir_bundle.timestamp;
}

group ClinicalDocumentToBundle(source cda : ClinicalDocument, target fhir_patient : Patient, target fhir_composition : Composition, target fhir_bundle : Bundle){
    cda ->
        // Fetch Patient 
        fhir_patient.id as fhir_patient_id, 
    
        // create relation from Composition to Patient
        fhir_composition.subject = create('Reference') as fhir_composition_subject_reference,
        fhir_composition_subject_reference.reference = append('urn:uuid:', fhir_patient_id),
        fhir_composition_subject_reference.type = 'Patient'; 
}

group CdaHeaderToFhirComposition(source cda : ClinicalDocument, target fhir_patient : Patient, target fhir_practitionerRole : PractitionerRole, target fhir_composition : Composition, target fhir_bundle : Bundle){
    // ClinicalDocument.code
    cda.code as cda_code then {
        cda_code.code as code_code ->
        fhir_composition.category as fhir_composition_category,
        fhir_composition_category.coding = translate(code_code, '#cda-clinicaldocument-code-2-fhir-composition-type' , 'Coding') "code";
        };

    // ClinicalDocument.code.translation
    cda.code as cda_code then {
        // for CDA laboratory report translation is fixed to 11502-2 LOINC
        cda_code.translation -> fhir_composition.type;
        // in case CDA does not have translation the Composition.type will be explicitly set
        cda_code where cda_code.translation.exists().not() ->
        fhir_composition.type = create('CodeableConcept') as type_coding,
        type_coding.coding = create('Coding') as coding_coding,
        coding_coding.system = 'http://loinc.org',
        coding_coding.code = '11502-2'
        "CdaMissingCodeTranslationToFhirCompositionType";
    };
    // ClinicalDocument.title
    cda.title as cda_title -> fhir_composition.title = (cda_title.xmlText);

    // ClinicalDocument.sdtc:statusCode
    cda.sdtcStatusCode as cda_statusCode where cda.sdtcStatusCode.exists() then {
        cda_statusCode.code as cda_code -> fhir_composition.status = translate(cda_code, '#cda-sdtc-statuscode-2-fhir-composition-status' , 'code');
    } "CdaStatusCodeToFhirCompositionStatusMapped";
    cda where cda.sdtcStatusCode.exists().not() -> fhir_composition.status = 'final' "CdaStatusCodeToFhirCompositionStatusFixed";

    //ClinicalDocument.hl7at:terminologyDate
    cda.terminologyDate as cda_terminologyDate -> 
        fhir_composition.extension as fhir_composition_terminologyDate_extension,
        fhir_composition_terminologyDate_extension.url = 'http://hl7.at/fhir/HL7ATCoreProfiles/4.0.1/StructureDefinition/at-core-ext-composition-terminologyDate',
        fhir_composition_terminologyDate_extension.value = create('dateTime') as fhir_composition_terminologyDate_dateTime then TSDate(cda_terminologyDate, fhir_composition_terminologyDate_dateTime);
  
}