map "http://hl7.at/fhir/HL7ATCoreProfiles/4.0.1/StructureMap/at-cda-to-bundle" = "CdaLabToBundle"
// _________________________  metadataDeclaration _________________________ 

//
// Mapping CDA Basisleitfaden To FHIR Bundle 
//



// _________________________  conceptMapDeclaration _________________________ 
conceptmap "cda-sdtc-statuscode-2-fhir-diagnosticreport-status" {
  prefix s = "http://terminology.hl7.org/CodeSystem/v3-ActStatus"
  prefix t = "http://hl7.org/fhir/diagnostic-report-status"

  s:"active" == t:"preliminary"
  s:"nullified" == t:"entered-in-error"
}



// _________________________ structureDeclaration _________________________


uses "http://hl7.org/cda/stds/core/StructureDefinition/ClinicalDocument" alias ClinicalDocument as source
uses "http://hl7.org/cda/stds/core/StructureDefinition/Author" alias Author as source
uses "http://hl7.org/cda/stds/core/StructureDefinition/AssignedAuthor" alias AssignedAuthor as source
uses "http://hl7.org/cda/stds/core/StructureDefinition/AssignedEntity" alias AssignedEntity as source
uses "http://hl7.org/cda/stds/core/StructureDefinition/AssociatedEntity" alias AssociatedEntity as source
uses "http://hl7.org/cda/stds/core/StructureDefinition/CustodianOrganization" alias CustodianOrganization as source
uses "http://hl7.org/cda/stds/core/StructureDefinition/Section" alias Section as source
uses "http://hl7.org/cda/stds/core/StructureDefinition/PatientRole" alias PatientRole as source
uses "http://hl7.org/cda/stds/core/StructureDefinition/StructuredBody" alias StructuredBody as source
uses "http://hl7.org/cda/stds/core/StructureDefinition/Observation" alias CDAObservation as source
uses "http://hl7.org/cda/stds/core/StructureDefinition/Performer2" alias Performer as source
uses "http://hl7.org/cda/stds/core/StructureDefinition/Procedure" alias Procedure as source
uses "http://hl7.org/cda/stds/core/StructureDefinition/Organizer" alias Organizer as source
uses "http://hl7.org/cda/stds/core/StructureDefinition/Participant1" alias Participant as source

uses "http://hl7.org/fhir/4.3/StructureDefinition/Bundle" alias Bundle as target
uses "http://hl7.org/fhir/4.3/StructureDefinition/Composition" alias Composition as target
uses "http://hl7.org/fhir/4.3/StructureDefinition/Patient" alias Patient as target
uses "http://hl7.org/fhir/4.3/StructureDefinition/Person" alias Person as target
uses "http://hl7.org/fhir/4.3/StructureDefinition/Practitioner" alias Practitioner as target
uses "http://hl7.org/fhir/4.3/StructureDefinition/PractitionerRole" alias PractitionerRole as target
uses "http://hl7.org/fhir/4.3/StructureDefinition/Organization" alias Organization as target
uses "http://hl7.org/fhir/4.3/StructureDefinition/ServiceRequest" alias ServiceRequest as target
uses "http://hl7.org/fhir/4.3/StructureDefinition/Observation" alias Observation as target
uses "http://hl7.org/fhir/4.3/StructureDefinition/Specimen" alias Specimen as target



imports "http://hl7.at/fhir/HL7ATCoreProfiles/4.0.1/StructureMap/at-cda-to-fhir-types"
imports "http://hl7.at/fhir/HL7ATCoreProfiles/4.0.1/StructureMap/at-cda-to-bundle" = "CdaATToBundle"


group CdaAtLabToFhirBundle(source cda : ClinicalDocument, target fhir_bundle : Bundle) extends CdaAtToBundle{

    cda ->
        fhir_bundle.meta as fhir_bundle_meta,
        fhir_bundle_meta.profile = 'http://fhir.ehdsi.eu/laboratory/StructureDefinition/Bundle-lab-myhealtheu',
        
        fhir_bundle.entry as fhir_bundle_entry,
        fhir_bundle_entry.resource = create('Patient') as fhir_patient,
        fhir_patient.id = uuid() as fhir_patient_id, 
        fhir_bundle_entry.fullUrl = append('urn:uuid:',fhir_patient_id),
        // ToDo Check why practitioner is needed here ?! can it be created in LaboratoryReportToBundle ? 
        // fhir_bundle.entry as fhir_bundle_entry,
        // fhir_bundle_entry.resource = create('PractitionerRole') as fhir_practitionerRole,
        // fhir_practitionerRole.id = uuid() as fhir_practitionerRole_id, 
        // fhir_bundle_entry.fullUrl = append('urn:uuid:',fhir_practitionerRole_id),

        fhir_bundle.entry as fhir_bundle_entry,
        fhir_bundle_entry.resource = create('Composition') as fhir_composition, 
        fhir_composition.id = uuid() as fhir_composition_id,
        fhir_bundle_entry.fullUrl = append('urn:uuid:', fhir_composition_id) then LaboratoryReportToBundle(cda, fhir_patient, fhir_composition, fhir_bundle);
}

group LaboratoryReportToBundle(source cda : ClinicalDocument, target fhir_patient : Patient, target fhir_composition : Composition, target fhir_bundle : Bundle) extends ClinicalDocumentToBundle{
    cda ->
    
        // create the DiagnosticReport to have it as reference for later transformations
        fhir_bundle.entry as fhir_bundle_entry,
        fhir_bundle_entry.resource = create('DiagnosticReport') as fhir_diagnosticReport,
        fhir_diagnosticReport.id = uuid() as fhir_diagnosticReport_id,
        fhir_bundle_entry.fullUrl = append('urn:uuid:', fhir_diagnosticReport_id),

        // Fetch Patient Id
        fhir_patient.id as fhir_patient_id, 
        // Fetch Composition Id 
        fhir_composition.id as fhir_composition_id, 
    
        // create the ServiceRequest to have it as reference for later transformations
        fhir_bundle.entry as fhir_bundle_entry,
        fhir_bundle_entry.resource = create('ServiceRequest') as fhir_serviceRequest,
        fhir_serviceRequest.id = uuid() as fhir_serviceRequest_id,
        fhir_bundle_entry.fullUrl = append('urn:uuid:', fhir_serviceRequest_id),
        fhir_serviceRequest.meta as fhir_serviceRequest_meta,
        fhir_serviceRequest_meta.profile = 'http://fhir.ehdsi.eu/laboratory/StructureDefinition/ServiceRequest-lab-myhealtheu',

        // create relation from Composition to ServiceRequest
        fhir_composition.extension as fhir_composition_extenstion_01,
        fhir_composition_extenstion_01.url = 'http://hl7.eu/fhir/StructureDefinition/composition-basedOn-order-or-requisition',
        fhir_composition_extenstion_01.value = create('Reference') as fhir_diagnosticReport_composition_reference,
        fhir_diagnosticReport_composition_reference.reference = append('urn:uuid:', fhir_serviceRequest_id),
        fhir_diagnosticReport_composition_reference.type = 'ServiceRequest',

        // create relation from Composition to DiagnosticReport
        fhir_composition.extension as fhir_composition_extenstion_02,
        fhir_composition_extenstion_02.url = 'http://hl7.eu/fhir/laboratory/StructureDefinition/composition-diagnosticReportReference',
        fhir_composition_extenstion_02.value = create('Reference') as fhir_composition_diagnosticReport_reference,
        fhir_composition_diagnosticReport_reference.reference = append('urn:uuid:', fhir_diagnosticReport_id),
        fhir_composition_diagnosticReport_reference.type = 'DiagnosticReport',

        // create relation from DiagnosticReport to Composition
        fhir_diagnosticReport.extension as fhir_diagnosticReport_extension,
        fhir_diagnosticReport_extension.url = 'http://hl7.org/fhir/5.0/StructureDefinition/extension-DiagnosticReport.composition',
        fhir_diagnosticReport_extension.value = create('Reference') as fhir_diagnosticReport_composition_reference,
        fhir_diagnosticReport_composition_reference.reference = append('urn:uuid:', fhir_composition_id),
        fhir_diagnosticReport_composition_reference.type = 'Composition',

        // create relation from DiagnosticReport to ServiceRequest
        fhir_diagnosticReport.basedOn = create('Reference') as fhir_diagnosticReport_basedOn_reference,
        fhir_diagnosticReport_basedOn_reference.reference = append('urn:uuid:', fhir_serviceRequest_id),
        fhir_diagnosticReport_basedOn_reference.type = 'ServiceRequest',

        // create relation from DiagnosticReport to Patient
        fhir_diagnosticReport.subject = create('Reference') as fhir_diagnosticReport_subject_reference,
        fhir_diagnosticReport_subject_reference.reference = append('urn:uuid:', fhir_patient_id),
        fhir_diagnosticReport_subject_reference.type = 'Patient',

        // create relation from ServiceRequest to Patient
        fhir_serviceRequest.subject = create('Reference') as fhir_serviceRequest_subject_reference,
        fhir_serviceRequest_subject_reference.reference = append('urn:uuid:', fhir_patient_id),
        fhir_serviceRequest_subject_reference.type = 'Patient' then CdaLaboratoryReportHeaderToFhirComposition(cda, fhir_patient, fhir_diagnosticReport, fhir_serviceRequest, fhir_composition, fhir_bundle);

}

group CdaLaboratoryReportHeaderToFhirComposition(source cda : ClinicalDocument, target fhir_patient : Patient, target fhir_diagnosticReport : DiagnosticReport, target fhir_serviceRequest : ServiceRequest, target fhir_composition : Composition, target fhir_bundle : Bundle) extends CdaHeaderToFhirComposition{
     cda -> 
        fhir_composition.meta as fhir_composition_meta,
        fhir_composition_meta.profile = 'http://fhir.ehdsi.eu/laboratory/StructureDefinition/Composition-lab-myhealtheu'
        "FhirCompositionProfile";

    // ClinicalDocument.code
    cda.code as cda_code then {
        cda_code.code as code_code ->
        fhir_diagnosticReport.category as fhir_diagnosticReport_category,
        fhir_diagnosticReport_category.coding = translate(code_code, '#cda-clinicaldocument-code-2-fhir-composition-type' , 'Coding') "code";
    };
    
    // ClinicalDocument.code.translation -> Composition.type
    cda.code as cda_code then {
        // in case CDA does not have translation the Composition.type will be explicitly set
        cda_code where cda_code.translation.exists().not() ->
            
            fhir_composition.type = create('CodeableConcept') as type_coding,
            type_coding.coding = create('Coding') as coding_coding,
            coding_coding.system = 'http://loinc.org',
            coding_coding.code = '11502-2'
            "CdaMissingCodeTranslationToFhirCompositionTypeAndDiagnosticReportCode";
    };
    
}   

group CdaLaboratoryReportHeaderToDiagnosticReport(){

    // ClinicalDocument.code.translation -> DiagnosticReport.code
    cda.code as cda_code then {
        // in case CDA does not have translation the DiagnosticReport.code will be explicitly set
        cda_code where cda_code.translation.exists().not() ->
            fhir_diagnosticReport.code = create('CodeableConcept') as code_coding,
            code_coding.coding = create('Coding') as coding_coding,
            coding_coding.system = 'http://loinc.org',
            coding_coding.code = '11502-2';
    };

    // ClinicalDocument.sdtc:statusCode -> DiagnosticReport.status 
    cda.sdtcStatusCode as cda_statusCode where cda.sdtcStatusCode.exists() then {
        cda_statusCode.code as cda_code -> fhir_diagnosticReport.status = translate(cda_code, '#cda-sdtc-statuscode-2-fhir-diagnosticreport-status' , 'code');
    } "CdaStatusCodeToFhirCompositionStatusMapped";
    cda where cda.sdtcStatusCode.exists().not() -> fhir_diagnosticReport.status = 'final' "CdaStatusCodeToFhirCompositionStatusFixed";

    // ClinicalDocument.effectiveTime -> DiagnosticReport.effective 
    cda.effectiveTime as cda_effectiveTime -> fhir_diagnosticReport.effective = create('dateTime') as fhir_diagnosticReport_effective then TSDateTime(cda_effectiveTime, fhir_diagnosticReport_effective) "CdaEffectiveTimeToFhirDiagnosticReportEffective";
}
